[2024-11-28T20:05:33.806+0700][gc] Using G1
[2024-11-28T20:05:33.812+0700][gc,init] Version: 17.0.12+0 (release)
[2024-11-28T20:05:33.812+0700][gc,init] CPUs: 8 total, 8 available
[2024-11-28T20:05:33.812+0700][gc,init] Memory: 16384M
[2024-11-28T20:05:33.812+0700][gc,init] Large Page Support: Disabled
[2024-11-28T20:05:33.812+0700][gc,init] NUMA Support: Disabled
[2024-11-28T20:05:33.812+0700][gc,init] Compressed Oops: Enabled (Zero based)
[2024-11-28T20:05:33.812+0700][gc,init] Heap Region Size: 1M
[2024-11-28T20:05:33.812+0700][gc,init] Heap Min Capacity: 1G
[2024-11-28T20:05:33.812+0700][gc,init] Heap Initial Capacity: 1G
[2024-11-28T20:05:33.812+0700][gc,init] Heap Max Capacity: 1G
[2024-11-28T20:05:33.812+0700][gc,init] Pre-touch: Disabled
[2024-11-28T20:05:33.812+0700][gc,init] Parallel Workers: 8
[2024-11-28T20:05:33.812+0700][gc,init] Concurrent Workers: 2
[2024-11-28T20:05:33.812+0700][gc,init] Concurrent Refinement Workers: 8
[2024-11-28T20:05:33.812+0700][gc,init] Periodic GC: Disabled
[2024-11-28T20:05:33.819+0700][gc,metaspace] CDS archive(s) mapped at: [0x000000012b000000-0x000000012bbbc000-0x000000012bbbc000), size 12304384, SharedBaseAddress: 0x000000012b000000, ArchiveRelocationMode: 1.
[2024-11-28T20:05:33.819+0700][gc,metaspace] Compressed class space mapped at: 0x000000012c000000-0x000000016c000000, reserved size: 1073741824
[2024-11-28T20:05:33.819+0700][gc,metaspace] Narrow klass base: 0x000000012b000000, Narrow klass shift: 0, Narrow klass range: 0x100000000
[2024-11-28T20:05:35.419+0700][gc,start    ] GC(0) Pause Young (Normal) (G1 Evacuation Pause)
[2024-11-28T20:05:35.419+0700][gc,task     ] GC(0) Using 8 workers of 8 for evacuation
[2024-11-28T20:05:35.424+0700][gc,phases   ] GC(0)   Pre Evacuate Collection Set: 0.1ms
[2024-11-28T20:05:35.424+0700][gc,phases   ] GC(0)   Merge Heap Roots: 0.1ms
[2024-11-28T20:05:35.424+0700][gc,phases   ] GC(0)   Evacuate Collection Set: 3.7ms
[2024-11-28T20:05:35.424+0700][gc,phases   ] GC(0)   Post Evacuate Collection Set: 0.4ms
[2024-11-28T20:05:35.424+0700][gc,phases   ] GC(0)   Other: 0.6ms
[2024-11-28T20:05:35.424+0700][gc,heap     ] GC(0) Eden regions: 51->0(44)
[2024-11-28T20:05:35.424+0700][gc,heap     ] GC(0) Survivor regions: 0->7(7)
[2024-11-28T20:05:35.424+0700][gc,heap     ] GC(0) Old regions: 0->1
[2024-11-28T20:05:35.424+0700][gc,heap     ] GC(0) Archive regions: 2->2
[2024-11-28T20:05:35.424+0700][gc,heap     ] GC(0) Humongous regions: 0->0
[2024-11-28T20:05:35.424+0700][gc,metaspace] GC(0) Metaspace: 17726K(17920K)->17726K(17920K) NonClass: 15562K(15616K)->15562K(15616K) Class: 2164K(2304K)->2164K(2304K)
[2024-11-28T20:05:35.424+0700][gc          ] GC(0) Pause Young (Normal) (G1 Evacuation Pause) 51M->8M(1024M) 5.144ms
[2024-11-28T20:05:35.424+0700][gc,cpu      ] GC(0) User=0.02s Sys=0.01s Real=0.01s
[2024-11-28T20:05:35.842+0700][gc,start    ] GC(1) Pause Young (Concurrent Start) (Metadata GC Threshold)
[2024-11-28T20:05:35.842+0700][gc,task     ] GC(1) Using 8 workers of 8 for evacuation
[2024-11-28T20:05:35.847+0700][gc,phases   ] GC(1)   Pre Evacuate Collection Set: 0.1ms
[2024-11-28T20:05:35.847+0700][gc,phases   ] GC(1)   Merge Heap Roots: 0.1ms
[2024-11-28T20:05:35.847+0700][gc,phases   ] GC(1)   Evacuate Collection Set: 3.5ms
[2024-11-28T20:05:35.847+0700][gc,phases   ] GC(1)   Post Evacuate Collection Set: 0.4ms
[2024-11-28T20:05:35.847+0700][gc,phases   ] GC(1)   Other: 0.2ms
[2024-11-28T20:05:35.847+0700][gc,heap     ] GC(1) Eden regions: 15->0(49)
[2024-11-28T20:05:35.847+0700][gc,heap     ] GC(1) Survivor regions: 7->2(7)
[2024-11-28T20:05:35.847+0700][gc,heap     ] GC(1) Old regions: 1->8
[2024-11-28T20:05:35.847+0700][gc,heap     ] GC(1) Archive regions: 2->2
[2024-11-28T20:05:35.847+0700][gc,heap     ] GC(1) Humongous regions: 129->129
[2024-11-28T20:05:35.847+0700][gc,metaspace] GC(1) Metaspace: 21342K(21504K)->21342K(21504K) NonClass: 18730K(18816K)->18730K(18816K) Class: 2611K(2688K)->2611K(2688K)
[2024-11-28T20:05:35.847+0700][gc          ] GC(1) Pause Young (Concurrent Start) (Metadata GC Threshold) 152M->139M(1024M) 4.457ms
[2024-11-28T20:05:35.847+0700][gc,cpu      ] GC(1) User=0.02s Sys=0.01s Real=0.00s
[2024-11-28T20:05:35.847+0700][gc          ] GC(2) Concurrent Mark Cycle
[2024-11-28T20:05:35.847+0700][gc,marking  ] GC(2) Concurrent Clear Claimed Marks
[2024-11-28T20:05:35.847+0700][gc,marking  ] GC(2) Concurrent Clear Claimed Marks 0.020ms
[2024-11-28T20:05:35.847+0700][gc,marking  ] GC(2) Concurrent Scan Root Regions
[2024-11-28T20:05:35.849+0700][gc,marking  ] GC(2) Concurrent Scan Root Regions 2.014ms
[2024-11-28T20:05:35.849+0700][gc,marking  ] GC(2) Concurrent Mark
[2024-11-28T20:05:35.849+0700][gc,marking  ] GC(2) Concurrent Mark From Roots
[2024-11-28T20:05:35.849+0700][gc,task     ] GC(2) Using 2 workers of 2 for marking
[2024-11-28T20:05:35.851+0700][gc,marking  ] GC(2) Concurrent Mark From Roots 1.706ms
[2024-11-28T20:05:35.851+0700][gc,marking  ] GC(2) Concurrent Preclean
[2024-11-28T20:05:35.851+0700][gc,marking  ] GC(2) Concurrent Preclean 0.051ms
[2024-11-28T20:05:35.851+0700][gc,start    ] GC(2) Pause Remark
[2024-11-28T20:05:35.852+0700][gc          ] GC(2) Pause Remark 140M->140M(1024M) 1.439ms
[2024-11-28T20:05:35.852+0700][gc,cpu      ] GC(2) User=0.01s Sys=0.00s Real=0.00s
[2024-11-28T20:05:35.853+0700][gc,marking  ] GC(2) Concurrent Mark 3.456ms
[2024-11-28T20:05:35.853+0700][gc,marking  ] GC(2) Concurrent Rebuild Remembered Sets
[2024-11-28T20:05:35.853+0700][gc,marking  ] GC(2) Concurrent Rebuild Remembered Sets 0.007ms
[2024-11-28T20:05:35.853+0700][gc,start    ] GC(2) Pause Cleanup
[2024-11-28T20:05:35.853+0700][gc          ] GC(2) Pause Cleanup 140M->140M(1024M) 0.012ms
[2024-11-28T20:05:35.853+0700][gc,cpu      ] GC(2) User=0.00s Sys=0.00s Real=0.00s
[2024-11-28T20:05:35.853+0700][gc,marking  ] GC(2) Concurrent Cleanup for Next Mark
[2024-11-28T20:05:35.857+0700][gc,marking  ] GC(2) Concurrent Cleanup for Next Mark 4.715ms
[2024-11-28T20:05:35.857+0700][gc          ] GC(2) Concurrent Mark Cycle 10.531ms
[2024-11-28T20:05:36.614+0700][gc,start    ] GC(3) Pause Young (Normal) (G1 Evacuation Pause)
[2024-11-28T20:05:36.614+0700][gc,task     ] GC(3) Using 8 workers of 8 for evacuation
[2024-11-28T20:05:36.618+0700][gc,phases   ] GC(3)   Pre Evacuate Collection Set: 0.1ms
[2024-11-28T20:05:36.618+0700][gc,phases   ] GC(3)   Merge Heap Roots: 0.0ms
[2024-11-28T20:05:36.618+0700][gc,phases   ] GC(3)   Evacuate Collection Set: 2.9ms
[2024-11-28T20:05:36.618+0700][gc,phases   ] GC(3)   Post Evacuate Collection Set: 0.5ms
[2024-11-28T20:05:36.618+0700][gc,phases   ] GC(3)   Other: 0.1ms
[2024-11-28T20:05:36.618+0700][gc,heap     ] GC(3) Eden regions: 49->0(44)
[2024-11-28T20:05:36.618+0700][gc,heap     ] GC(3) Survivor regions: 2->7(7)
[2024-11-28T20:05:36.618+0700][gc,heap     ] GC(3) Old regions: 8->8
[2024-11-28T20:05:36.618+0700][gc,heap     ] GC(3) Archive regions: 2->2
[2024-11-28T20:05:36.618+0700][gc,heap     ] GC(3) Humongous regions: 129->129
[2024-11-28T20:05:36.618+0700][gc,metaspace] GC(3) Metaspace: 32904K(33152K)->32904K(33152K) NonClass: 29280K(29440K)->29280K(29440K) Class: 3624K(3712K)->3624K(3712K)
[2024-11-28T20:05:36.618+0700][gc          ] GC(3) Pause Young (Normal) (G1 Evacuation Pause) 188M->144M(1024M) 3.745ms
[2024-11-28T20:05:36.618+0700][gc,cpu      ] GC(3) User=0.02s Sys=0.00s Real=0.00s
[2024-11-28T20:05:36.760+0700][gc,start    ] GC(4) Pause Young (Concurrent Start) (Metadata GC Threshold)
[2024-11-28T20:05:36.761+0700][gc,task     ] GC(4) Using 8 workers of 8 for evacuation
[2024-11-28T20:05:36.765+0700][gc,phases   ] GC(4)   Pre Evacuate Collection Set: 0.1ms
[2024-11-28T20:05:36.765+0700][gc,phases   ] GC(4)   Merge Heap Roots: 0.1ms
[2024-11-28T20:05:36.765+0700][gc,phases   ] GC(4)   Evacuate Collection Set: 4.1ms
[2024-11-28T20:05:36.765+0700][gc,phases   ] GC(4)   Post Evacuate Collection Set: 0.4ms
[2024-11-28T20:05:36.765+0700][gc,phases   ] GC(4)   Other: 0.2ms
[2024-11-28T20:05:36.765+0700][gc,heap     ] GC(4) Eden regions: 13->0(49)
[2024-11-28T20:05:36.765+0700][gc,heap     ] GC(4) Survivor regions: 7->2(7)
[2024-11-28T20:05:36.765+0700][gc,heap     ] GC(4) Old regions: 8->15
[2024-11-28T20:05:36.765+0700][gc,heap     ] GC(4) Archive regions: 2->2
[2024-11-28T20:05:36.765+0700][gc,heap     ] GC(4) Humongous regions: 129->129
[2024-11-28T20:05:36.765+0700][gc,metaspace] GC(4) Metaspace: 35728K(35968K)->35728K(35968K) NonClass: 31695K(31808K)->31695K(31808K) Class: 4033K(4160K)->4033K(4160K)
[2024-11-28T20:05:36.765+0700][gc          ] GC(4) Pause Young (Concurrent Start) (Metadata GC Threshold) 157M->145M(1024M) 4.973ms
[2024-11-28T20:05:36.765+0700][gc,cpu      ] GC(4) User=0.03s Sys=0.00s Real=0.00s
[2024-11-28T20:05:36.766+0700][gc          ] GC(5) Concurrent Mark Cycle
[2024-11-28T20:05:36.766+0700][gc,marking  ] GC(5) Concurrent Clear Claimed Marks
[2024-11-28T20:05:36.766+0700][gc,marking  ] GC(5) Concurrent Clear Claimed Marks 0.023ms
[2024-11-28T20:05:36.766+0700][gc,marking  ] GC(5) Concurrent Scan Root Regions
[2024-11-28T20:05:36.769+0700][gc,marking  ] GC(5) Concurrent Scan Root Regions 3.506ms
[2024-11-28T20:05:36.769+0700][gc,marking  ] GC(5) Concurrent Mark
[2024-11-28T20:05:36.769+0700][gc,marking  ] GC(5) Concurrent Mark From Roots
[2024-11-28T20:05:36.769+0700][gc,task     ] GC(5) Using 2 workers of 2 for marking
[2024-11-28T20:05:36.775+0700][gc,marking  ] GC(5) Concurrent Mark From Roots 6.207ms
[2024-11-28T20:05:36.775+0700][gc,marking  ] GC(5) Concurrent Preclean
[2024-11-28T20:05:36.775+0700][gc,marking  ] GC(5) Concurrent Preclean 0.066ms
[2024-11-28T20:05:36.776+0700][gc,start    ] GC(5) Pause Remark
[2024-11-28T20:05:36.777+0700][gc          ] GC(5) Pause Remark 146M->146M(1024M) 1.144ms
[2024-11-28T20:05:36.777+0700][gc,cpu      ] GC(5) User=0.01s Sys=0.00s Real=0.00s
[2024-11-28T20:05:36.777+0700][gc,marking  ] GC(5) Concurrent Mark 7.659ms
[2024-11-28T20:05:36.777+0700][gc,marking  ] GC(5) Concurrent Rebuild Remembered Sets
[2024-11-28T20:05:36.782+0700][gc,marking  ] GC(5) Concurrent Rebuild Remembered Sets 4.705ms
[2024-11-28T20:05:36.782+0700][gc,start    ] GC(5) Pause Cleanup
[2024-11-28T20:05:36.782+0700][gc          ] GC(5) Pause Cleanup 146M->146M(1024M) 0.137ms
[2024-11-28T20:05:36.782+0700][gc,cpu      ] GC(5) User=0.00s Sys=0.00s Real=0.00s
[2024-11-28T20:05:36.782+0700][gc,marking  ] GC(5) Concurrent Cleanup for Next Mark
[2024-11-28T20:05:36.787+0700][gc,marking  ] GC(5) Concurrent Cleanup for Next Mark 4.875ms
[2024-11-28T20:05:36.787+0700][gc          ] GC(5) Concurrent Mark Cycle 21.262ms
[2024-11-28T21:00:52.058+0700][gc,start    ] GC(6) Pause Young (Normal) (G1 Evacuation Pause)
[2024-11-28T21:00:52.059+0700][gc,task     ] GC(6) Using 8 workers of 8 for evacuation
[2024-11-28T21:00:52.078+0700][gc,phases   ] GC(6)   Pre Evacuate Collection Set: 2.0ms
[2024-11-28T21:00:52.078+0700][gc,phases   ] GC(6)   Merge Heap Roots: 0.3ms
[2024-11-28T21:00:52.078+0700][gc,phases   ] GC(6)   Evacuate Collection Set: 16.0ms
[2024-11-28T21:00:52.078+0700][gc,phases   ] GC(6)   Post Evacuate Collection Set: 0.5ms
[2024-11-28T21:00:52.078+0700][gc,phases   ] GC(6)   Other: 0.8ms
[2024-11-28T21:00:52.078+0700][gc,heap     ] GC(6) Eden regions: 49->0(48)
[2024-11-28T21:00:52.078+0700][gc,heap     ] GC(6) Survivor regions: 2->3(7)
[2024-11-28T21:00:52.078+0700][gc,heap     ] GC(6) Old regions: 15->15
[2024-11-28T21:00:52.078+0700][gc,heap     ] GC(6) Archive regions: 2->2
[2024-11-28T21:00:52.078+0700][gc,heap     ] GC(6) Humongous regions: 129->129
[2024-11-28T21:00:52.078+0700][gc,metaspace] GC(6) Metaspace: 40228K(40640K)->40228K(40640K) NonClass: 35463K(35712K)->35463K(35712K) Class: 4764K(4928K)->4764K(4928K)
[2024-11-28T21:00:52.078+0700][gc          ] GC(6) Pause Young (Normal) (G1 Evacuation Pause) 194M->146M(1024M) 19.801ms
[2024-11-28T21:00:52.078+0700][gc,cpu      ] GC(6) User=0.03s Sys=0.05s Real=0.02s
[2024-11-28T21:08:33.683+0700][gc,start    ] GC(7) Pause Young (Normal) (G1 Evacuation Pause)
[2024-11-28T21:08:33.684+0700][gc,task     ] GC(7) Using 8 workers of 8 for evacuation
[2024-11-28T21:08:33.700+0700][gc,phases   ] GC(7)   Pre Evacuate Collection Set: 0.3ms
[2024-11-28T21:08:33.700+0700][gc,phases   ] GC(7)   Merge Heap Roots: 0.2ms
[2024-11-28T21:08:33.700+0700][gc,phases   ] GC(7)   Evacuate Collection Set: 13.8ms
[2024-11-28T21:08:33.700+0700][gc,phases   ] GC(7)   Post Evacuate Collection Set: 0.9ms
[2024-11-28T21:08:33.700+0700][gc,phases   ] GC(7)   Other: 1.5ms
[2024-11-28T21:08:33.700+0700][gc,heap     ] GC(7) Eden regions: 48->0(45)
[2024-11-28T21:08:33.700+0700][gc,heap     ] GC(7) Survivor regions: 3->6(7)
[2024-11-28T21:08:33.700+0700][gc,heap     ] GC(7) Old regions: 15->15
[2024-11-28T21:08:33.700+0700][gc,heap     ] GC(7) Archive regions: 2->2
[2024-11-28T21:08:33.700+0700][gc,heap     ] GC(7) Humongous regions: 129->129
[2024-11-28T21:08:33.700+0700][gc,metaspace] GC(7) Metaspace: 43058K(43648K)->43058K(43648K) NonClass: 37942K(38272K)->37942K(38272K) Class: 5116K(5376K)->5116K(5376K)
[2024-11-28T21:08:33.700+0700][gc          ] GC(7) Pause Young (Normal) (G1 Evacuation Pause) 194M->149M(1024M) 16.872ms
[2024-11-28T21:08:33.700+0700][gc,cpu      ] GC(7) User=0.04s Sys=0.03s Real=0.02s
[2024-11-28T21:47:58.102+0700][gc,start    ] GC(8) Pause Young (Normal) (G1 Evacuation Pause)
[2024-11-28T21:47:58.103+0700][gc,task     ] GC(8) Using 8 workers of 8 for evacuation
[2024-11-28T21:47:58.111+0700][gc,phases   ] GC(8)   Pre Evacuate Collection Set: 0.2ms
[2024-11-28T21:47:58.111+0700][gc,phases   ] GC(8)   Merge Heap Roots: 0.1ms
[2024-11-28T21:47:58.111+0700][gc,phases   ] GC(8)   Evacuate Collection Set: 7.0ms
[2024-11-28T21:47:58.111+0700][gc,phases   ] GC(8)   Post Evacuate Collection Set: 0.5ms
[2024-11-28T21:47:58.111+0700][gc,phases   ] GC(8)   Other: 1.2ms
[2024-11-28T21:47:58.111+0700][gc,heap     ] GC(8) Eden regions: 45->0(47)
[2024-11-28T21:47:58.111+0700][gc,heap     ] GC(8) Survivor regions: 6->4(7)
[2024-11-28T21:47:58.111+0700][gc,heap     ] GC(8) Old regions: 15->17
[2024-11-28T21:47:58.111+0700][gc,heap     ] GC(8) Archive regions: 2->2
[2024-11-28T21:47:58.111+0700][gc,heap     ] GC(8) Humongous regions: 129->129
[2024-11-28T21:47:58.111+0700][gc,metaspace] GC(8) Metaspace: 43337K(43904K)->43337K(43904K) NonClass: 38188K(38528K)->38188K(38528K) Class: 5148K(5376K)->5148K(5376K)
[2024-11-28T21:47:58.111+0700][gc          ] GC(8) Pause Young (Normal) (G1 Evacuation Pause) 194M->150M(1024M) 9.274ms
[2024-11-28T21:47:58.111+0700][gc,cpu      ] GC(8) User=0.04s Sys=0.01s Real=0.01s
[2024-11-28T21:48:00.856+0700][gc,heap,exit] Heap
[2024-11-28T21:48:00.856+0700][gc,heap,exit]  garbage-first heap   total 1048576K, used 164768K [0x00000007c0000000, 0x0000000800000000)
[2024-11-28T21:48:00.856+0700][gc,heap,exit]   region size 1024K, 15 young (15360K), 4 survivors (4096K)
[2024-11-28T21:48:00.856+0700][gc,heap,exit]  Metaspace       used 44191K, committed 44800K, reserved 1114112K
[2024-11-28T21:48:00.856+0700][gc,heap,exit]   class space    used 5327K, committed 5632K, reserved 1048576K
