[2024-11-29T19:20:41.684+0700][gc] Using G1
[2024-11-29T19:20:41.692+0700][gc,init] Version: 17.0.12+0 (release)
[2024-11-29T19:20:41.692+0700][gc,init] CPUs: 8 total, 8 available
[2024-11-29T19:20:41.692+0700][gc,init] Memory: 16384M
[2024-11-29T19:20:41.692+0700][gc,init] Large Page Support: Disabled
[2024-11-29T19:20:41.692+0700][gc,init] NUMA Support: Disabled
[2024-11-29T19:20:41.692+0700][gc,init] Compressed Oops: Enabled (Zero based)
[2024-11-29T19:20:41.692+0700][gc,init] Heap Region Size: 1M
[2024-11-29T19:20:41.692+0700][gc,init] Heap Min Capacity: 1G
[2024-11-29T19:20:41.692+0700][gc,init] Heap Initial Capacity: 1G
[2024-11-29T19:20:41.692+0700][gc,init] Heap Max Capacity: 1G
[2024-11-29T19:20:41.692+0700][gc,init] Pre-touch: Disabled
[2024-11-29T19:20:41.692+0700][gc,init] Parallel Workers: 8
[2024-11-29T19:20:41.692+0700][gc,init] Concurrent Workers: 2
[2024-11-29T19:20:41.692+0700][gc,init] Concurrent Refinement Workers: 8
[2024-11-29T19:20:41.692+0700][gc,init] Periodic GC: Disabled
[2024-11-29T19:20:41.700+0700][gc,metaspace] CDS archive(s) mapped at: [0x000000012b000000-0x000000012bbbc000-0x000000012bbbc000), size 12304384, SharedBaseAddress: 0x000000012b000000, ArchiveRelocationMode: 1.
[2024-11-29T19:20:41.700+0700][gc,metaspace] Compressed class space mapped at: 0x000000012c000000-0x000000016c000000, reserved size: 1073741824
[2024-11-29T19:20:41.700+0700][gc,metaspace] Narrow klass base: 0x000000012b000000, Narrow klass shift: 0, Narrow klass range: 0x100000000
[2024-11-29T19:20:43.401+0700][gc,start    ] GC(0) Pause Young (Normal) (G1 Evacuation Pause)
[2024-11-29T19:20:43.401+0700][gc,task     ] GC(0) Using 8 workers of 8 for evacuation
[2024-11-29T19:20:43.412+0700][gc,phases   ] GC(0)   Pre Evacuate Collection Set: 0.1ms
[2024-11-29T19:20:43.412+0700][gc,phases   ] GC(0)   Merge Heap Roots: 0.1ms
[2024-11-29T19:20:43.412+0700][gc,phases   ] GC(0)   Evacuate Collection Set: 10.3ms
[2024-11-29T19:20:43.412+0700][gc,phases   ] GC(0)   Post Evacuate Collection Set: 0.5ms
[2024-11-29T19:20:43.412+0700][gc,phases   ] GC(0)   Other: 0.5ms
[2024-11-29T19:20:43.412+0700][gc,heap     ] GC(0) Eden regions: 51->0(44)
[2024-11-29T19:20:43.412+0700][gc,heap     ] GC(0) Survivor regions: 0->7(7)
[2024-11-29T19:20:43.412+0700][gc,heap     ] GC(0) Old regions: 0->2
[2024-11-29T19:20:43.412+0700][gc,heap     ] GC(0) Archive regions: 2->2
[2024-11-29T19:20:43.412+0700][gc,heap     ] GC(0) Humongous regions: 0->0
[2024-11-29T19:20:43.412+0700][gc,metaspace] GC(0) Metaspace: 17483K(17664K)->17483K(17664K) NonClass: 15352K(15424K)->15352K(15424K) Class: 2130K(2240K)->2130K(2240K)
[2024-11-29T19:20:43.412+0700][gc          ] GC(0) Pause Young (Normal) (G1 Evacuation Pause) 51M->9M(1024M) 11.577ms
[2024-11-29T19:20:43.413+0700][gc,cpu      ] GC(0) User=0.02s Sys=0.01s Real=0.01s
[2024-11-29T19:20:43.960+0700][gc,start    ] GC(1) Pause Young (Concurrent Start) (Metadata GC Threshold)
[2024-11-29T19:20:43.960+0700][gc,task     ] GC(1) Using 8 workers of 8 for evacuation
[2024-11-29T19:20:43.964+0700][gc,phases   ] GC(1)   Pre Evacuate Collection Set: 0.1ms
[2024-11-29T19:20:43.964+0700][gc,phases   ] GC(1)   Merge Heap Roots: 0.1ms
[2024-11-29T19:20:43.964+0700][gc,phases   ] GC(1)   Evacuate Collection Set: 3.8ms
[2024-11-29T19:20:43.964+0700][gc,phases   ] GC(1)   Post Evacuate Collection Set: 0.5ms
[2024-11-29T19:20:43.965+0700][gc,phases   ] GC(1)   Other: 0.3ms
[2024-11-29T19:20:43.965+0700][gc,heap     ] GC(1) Eden regions: 16->0(48)
[2024-11-29T19:20:43.965+0700][gc,heap     ] GC(1) Survivor regions: 7->3(7)
[2024-11-29T19:20:43.965+0700][gc,heap     ] GC(1) Old regions: 2->8
[2024-11-29T19:20:43.965+0700][gc,heap     ] GC(1) Archive regions: 2->2
[2024-11-29T19:20:43.965+0700][gc,heap     ] GC(1) Humongous regions: 129->129
[2024-11-29T19:20:43.965+0700][gc,metaspace] GC(1) Metaspace: 21339K(21504K)->21339K(21504K) NonClass: 18728K(18816K)->18728K(18816K) Class: 2610K(2688K)->2610K(2688K)
[2024-11-29T19:20:43.965+0700][gc          ] GC(1) Pause Young (Concurrent Start) (Metadata GC Threshold) 153M->139M(1024M) 5.122ms
[2024-11-29T19:20:43.965+0700][gc,cpu      ] GC(1) User=0.02s Sys=0.01s Real=0.00s
[2024-11-29T19:20:43.965+0700][gc          ] GC(2) Concurrent Mark Cycle
[2024-11-29T19:20:43.965+0700][gc,marking  ] GC(2) Concurrent Clear Claimed Marks
[2024-11-29T19:20:43.965+0700][gc,marking  ] GC(2) Concurrent Clear Claimed Marks 0.021ms
[2024-11-29T19:20:43.965+0700][gc,marking  ] GC(2) Concurrent Scan Root Regions
[2024-11-29T19:20:43.967+0700][gc,marking  ] GC(2) Concurrent Scan Root Regions 1.896ms
[2024-11-29T19:20:43.967+0700][gc,marking  ] GC(2) Concurrent Mark
[2024-11-29T19:20:43.967+0700][gc,marking  ] GC(2) Concurrent Mark From Roots
[2024-11-29T19:20:43.967+0700][gc,task     ] GC(2) Using 2 workers of 2 for marking
[2024-11-29T19:20:43.969+0700][gc,marking  ] GC(2) Concurrent Mark From Roots 1.924ms
[2024-11-29T19:20:43.969+0700][gc,marking  ] GC(2) Concurrent Preclean
[2024-11-29T19:20:43.969+0700][gc,marking  ] GC(2) Concurrent Preclean 0.033ms
[2024-11-29T19:20:43.969+0700][gc,start    ] GC(2) Pause Remark
[2024-11-29T19:20:43.971+0700][gc          ] GC(2) Pause Remark 140M->140M(1024M) 1.670ms
[2024-11-29T19:20:43.971+0700][gc,cpu      ] GC(2) User=0.00s Sys=0.00s Real=0.01s
[2024-11-29T19:20:43.971+0700][gc,marking  ] GC(2) Concurrent Mark 3.956ms
[2024-11-29T19:20:43.971+0700][gc,marking  ] GC(2) Concurrent Rebuild Remembered Sets
[2024-11-29T19:20:43.973+0700][gc,marking  ] GC(2) Concurrent Rebuild Remembered Sets 2.357ms
[2024-11-29T19:20:43.973+0700][gc,start    ] GC(2) Pause Cleanup
[2024-11-29T19:20:43.974+0700][gc          ] GC(2) Pause Cleanup 140M->140M(1024M) 0.154ms
[2024-11-29T19:20:43.974+0700][gc,cpu      ] GC(2) User=0.00s Sys=0.00s Real=0.00s
[2024-11-29T19:20:43.974+0700][gc,marking  ] GC(2) Concurrent Cleanup for Next Mark
[2024-11-29T19:20:43.985+0700][gc,marking  ] GC(2) Concurrent Cleanup for Next Mark 11.249ms
[2024-11-29T19:20:43.985+0700][gc          ] GC(2) Concurrent Mark Cycle 20.089ms
[2024-11-29T19:20:44.719+0700][gc,start    ] GC(3) Pause Young (Normal) (G1 Evacuation Pause)
[2024-11-29T19:20:44.731+0700][gc,task     ] GC(3) Using 8 workers of 8 for evacuation
[2024-11-29T19:20:44.735+0700][gc,phases   ] GC(3)   Pre Evacuate Collection Set: 0.1ms
[2024-11-29T19:20:44.735+0700][gc,phases   ] GC(3)   Merge Heap Roots: 0.1ms
[2024-11-29T19:20:44.735+0700][gc,phases   ] GC(3)   Evacuate Collection Set: 3.3ms
[2024-11-29T19:20:44.735+0700][gc,phases   ] GC(3)   Post Evacuate Collection Set: 0.7ms
[2024-11-29T19:20:44.735+0700][gc,phases   ] GC(3)   Other: 11.6ms
[2024-11-29T19:20:44.735+0700][gc,heap     ] GC(3) Eden regions: 48->0(44)
[2024-11-29T19:20:44.735+0700][gc,heap     ] GC(3) Survivor regions: 3->7(7)
[2024-11-29T19:20:44.735+0700][gc,heap     ] GC(3) Old regions: 8->8
[2024-11-29T19:20:44.735+0700][gc,heap     ] GC(3) Archive regions: 2->2
[2024-11-29T19:20:44.735+0700][gc,heap     ] GC(3) Humongous regions: 129->129
[2024-11-29T19:20:44.735+0700][gc,metaspace] GC(3) Metaspace: 32417K(32704K)->32417K(32704K) NonClass: 28803K(28992K)->28803K(28992K) Class: 3613K(3712K)->3613K(3712K)
[2024-11-29T19:20:44.735+0700][gc          ] GC(3) Pause Young (Normal) (G1 Evacuation Pause) 187M->144M(1024M) 16.015ms
[2024-11-29T19:20:44.735+0700][gc,cpu      ] GC(3) User=0.02s Sys=0.00s Real=0.02s
[2024-11-29T19:20:44.889+0700][gc,start    ] GC(4) Pause Young (Concurrent Start) (Metadata GC Threshold)
[2024-11-29T19:20:44.890+0700][gc,task     ] GC(4) Using 8 workers of 8 for evacuation
[2024-11-29T19:20:44.895+0700][gc,phases   ] GC(4)   Pre Evacuate Collection Set: 0.2ms
[2024-11-29T19:20:44.895+0700][gc,phases   ] GC(4)   Merge Heap Roots: 0.1ms
[2024-11-29T19:20:44.895+0700][gc,phases   ] GC(4)   Evacuate Collection Set: 4.2ms
[2024-11-29T19:20:44.895+0700][gc,phases   ] GC(4)   Post Evacuate Collection Set: 0.5ms
[2024-11-29T19:20:44.895+0700][gc,phases   ] GC(4)   Other: 0.2ms
[2024-11-29T19:20:44.895+0700][gc,heap     ] GC(4) Eden regions: 14->0(49)
[2024-11-29T19:20:44.895+0700][gc,heap     ] GC(4) Survivor regions: 7->2(7)
[2024-11-29T19:20:44.895+0700][gc,heap     ] GC(4) Old regions: 8->14
[2024-11-29T19:20:44.895+0700][gc,heap     ] GC(4) Archive regions: 2->2
[2024-11-29T19:20:44.895+0700][gc,heap     ] GC(4) Humongous regions: 129->129
[2024-11-29T19:20:44.895+0700][gc,metaspace] GC(4) Metaspace: 35725K(35968K)->35725K(35968K) NonClass: 31691K(31808K)->31691K(31808K) Class: 4033K(4160K)->4033K(4160K)
[2024-11-29T19:20:44.895+0700][gc          ] GC(4) Pause Young (Concurrent Start) (Metadata GC Threshold) 158M->145M(1024M) 5.402ms
[2024-11-29T19:20:44.895+0700][gc,cpu      ] GC(4) User=0.03s Sys=0.00s Real=0.01s
[2024-11-29T19:20:44.895+0700][gc          ] GC(5) Concurrent Mark Cycle
[2024-11-29T19:20:44.895+0700][gc,marking  ] GC(5) Concurrent Clear Claimed Marks
[2024-11-29T19:20:44.895+0700][gc,marking  ] GC(5) Concurrent Clear Claimed Marks 0.019ms
[2024-11-29T19:20:44.895+0700][gc,marking  ] GC(5) Concurrent Scan Root Regions
[2024-11-29T19:20:44.898+0700][gc,marking  ] GC(5) Concurrent Scan Root Regions 3.040ms
[2024-11-29T19:20:44.898+0700][gc,marking  ] GC(5) Concurrent Mark
[2024-11-29T19:20:44.898+0700][gc,marking  ] GC(5) Concurrent Mark From Roots
[2024-11-29T19:20:44.898+0700][gc,task     ] GC(5) Using 2 workers of 2 for marking
[2024-11-29T19:20:44.904+0700][gc,marking  ] GC(5) Concurrent Mark From Roots 5.792ms
[2024-11-29T19:20:44.904+0700][gc,marking  ] GC(5) Concurrent Preclean
[2024-11-29T19:20:44.904+0700][gc,marking  ] GC(5) Concurrent Preclean 0.058ms
[2024-11-29T19:20:44.904+0700][gc,start    ] GC(5) Pause Remark
[2024-11-29T19:20:44.906+0700][gc          ] GC(5) Pause Remark 146M->146M(1024M) 1.612ms
[2024-11-29T19:20:44.906+0700][gc,cpu      ] GC(5) User=0.01s Sys=0.01s Real=0.00s
[2024-11-29T19:20:44.906+0700][gc,marking  ] GC(5) Concurrent Mark 7.776ms
[2024-11-29T19:20:44.906+0700][gc,marking  ] GC(5) Concurrent Rebuild Remembered Sets
[2024-11-29T19:20:44.906+0700][gc,marking  ] GC(5) Concurrent Rebuild Remembered Sets 0.007ms
[2024-11-29T19:20:44.906+0700][gc,start    ] GC(5) Pause Cleanup
[2024-11-29T19:20:44.906+0700][gc          ] GC(5) Pause Cleanup 146M->146M(1024M) 0.039ms
[2024-11-29T19:20:44.906+0700][gc,cpu      ] GC(5) User=0.00s Sys=0.00s Real=0.00s
[2024-11-29T19:20:44.906+0700][gc,marking  ] GC(5) Concurrent Cleanup for Next Mark
[2024-11-29T19:20:44.915+0700][gc,marking  ] GC(5) Concurrent Cleanup for Next Mark 9.176ms
[2024-11-29T19:20:44.915+0700][gc          ] GC(5) Concurrent Mark Cycle 20.376ms
[2024-11-29T19:24:37.087+0700][gc,start    ] GC(6) Pause Young (Normal) (G1 Evacuation Pause)
[2024-11-29T19:24:37.088+0700][gc,task     ] GC(6) Using 8 workers of 8 for evacuation
[2024-11-29T19:24:37.098+0700][gc,phases   ] GC(6)   Pre Evacuate Collection Set: 0.3ms
[2024-11-29T19:24:37.098+0700][gc,phases   ] GC(6)   Merge Heap Roots: 0.2ms
[2024-11-29T19:24:37.098+0700][gc,phases   ] GC(6)   Evacuate Collection Set: 8.3ms
[2024-11-29T19:24:37.098+0700][gc,phases   ] GC(6)   Post Evacuate Collection Set: 0.8ms
[2024-11-29T19:24:37.098+0700][gc,phases   ] GC(6)   Other: 1.8ms
[2024-11-29T19:24:37.098+0700][gc,heap     ] GC(6) Eden regions: 49->0(46)
[2024-11-29T19:24:37.098+0700][gc,heap     ] GC(6) Survivor regions: 2->5(7)
[2024-11-29T19:24:37.098+0700][gc,heap     ] GC(6) Old regions: 14->14
[2024-11-29T19:24:37.098+0700][gc,heap     ] GC(6) Archive regions: 2->2
[2024-11-29T19:24:37.098+0700][gc,heap     ] GC(6) Humongous regions: 129->129
[2024-11-29T19:24:37.098+0700][gc,metaspace] GC(6) Metaspace: 41918K(42432K)->41918K(42432K) NonClass: 36862K(37184K)->36862K(37184K) Class: 5055K(5248K)->5055K(5248K)
[2024-11-29T19:24:37.098+0700][gc          ] GC(6) Pause Young (Normal) (G1 Evacuation Pause) 194M->148M(1024M) 11.577ms
[2024-11-29T19:24:37.098+0700][gc,cpu      ] GC(6) User=0.05s Sys=0.01s Real=0.01s
[2024-11-29T19:32:01.203+0700][gc,start    ] GC(7) Pause Young (Normal) (G1 Evacuation Pause)
[2024-11-29T19:32:01.204+0700][gc,task     ] GC(7) Using 8 workers of 8 for evacuation
[2024-11-29T19:32:01.216+0700][gc,phases   ] GC(7)   Pre Evacuate Collection Set: 0.4ms
[2024-11-29T19:32:01.216+0700][gc,phases   ] GC(7)   Merge Heap Roots: 0.2ms
[2024-11-29T19:32:01.217+0700][gc,phases   ] GC(7)   Evacuate Collection Set: 10.5ms
[2024-11-29T19:32:01.217+0700][gc,phases   ] GC(7)   Post Evacuate Collection Set: 0.7ms
[2024-11-29T19:32:01.217+0700][gc,phases   ] GC(7)   Other: 1.8ms
[2024-11-29T19:32:01.217+0700][gc,heap     ] GC(7) Eden regions: 46->0(47)
[2024-11-29T19:32:01.217+0700][gc,heap     ] GC(7) Survivor regions: 5->4(7)
[2024-11-29T19:32:01.217+0700][gc,heap     ] GC(7) Old regions: 14->18
[2024-11-29T19:32:01.217+0700][gc,heap     ] GC(7) Archive regions: 2->2
[2024-11-29T19:32:01.217+0700][gc,heap     ] GC(7) Humongous regions: 129->129
[2024-11-29T19:32:01.217+0700][gc,metaspace] GC(7) Metaspace: 43295K(43840K)->43295K(43840K) NonClass: 38080K(38400K)->38080K(38400K) Class: 5215K(5440K)->5215K(5440K)
[2024-11-29T19:32:01.217+0700][gc          ] GC(7) Pause Young (Normal) (G1 Evacuation Pause) 194M->150M(1024M) 13.899ms
[2024-11-29T19:32:01.217+0700][gc,cpu      ] GC(7) User=0.07s Sys=0.01s Real=0.01s
[2024-11-29T19:40:49.270+0700][gc,start    ] GC(8) Pause Young (Normal) (G1 Evacuation Pause)
[2024-11-29T19:40:49.271+0700][gc,task     ] GC(8) Using 8 workers of 8 for evacuation
[2024-11-29T19:40:49.275+0700][gc,phases   ] GC(8)   Pre Evacuate Collection Set: 0.3ms
[2024-11-29T19:40:49.276+0700][gc,phases   ] GC(8)   Merge Heap Roots: 0.1ms
[2024-11-29T19:40:49.276+0700][gc,phases   ] GC(8)   Evacuate Collection Set: 3.2ms
[2024-11-29T19:40:49.276+0700][gc,phases   ] GC(8)   Post Evacuate Collection Set: 0.3ms
[2024-11-29T19:40:49.276+0700][gc,phases   ] GC(8)   Other: 1.6ms
[2024-11-29T19:40:49.276+0700][gc,heap     ] GC(8) Eden regions: 47->0(46)
[2024-11-29T19:40:49.276+0700][gc,heap     ] GC(8) Survivor regions: 4->5(7)
[2024-11-29T19:40:49.276+0700][gc,heap     ] GC(8) Old regions: 18->18
[2024-11-29T19:40:49.276+0700][gc,heap     ] GC(8) Archive regions: 2->2
[2024-11-29T19:40:49.276+0700][gc,heap     ] GC(8) Humongous regions: 129->129
[2024-11-29T19:40:49.276+0700][gc,metaspace] GC(8) Metaspace: 43381K(43904K)->43381K(43904K) NonClass: 38158K(38464K)->38158K(38464K) Class: 5222K(5440K)->5222K(5440K)
[2024-11-29T19:40:49.276+0700][gc          ] GC(8) Pause Young (Normal) (G1 Evacuation Pause) 197M->152M(1024M) 5.685ms
[2024-11-29T19:40:49.276+0700][gc,cpu      ] GC(8) User=0.02s Sys=0.00s Real=0.00s
[2024-11-29T19:47:41.577+0700][gc,start    ] GC(9) Pause Young (Normal) (G1 Evacuation Pause)
[2024-11-29T19:47:41.578+0700][gc,task     ] GC(9) Using 8 workers of 8 for evacuation
[2024-11-29T19:47:41.587+0700][gc,phases   ] GC(9)   Pre Evacuate Collection Set: 0.2ms
[2024-11-29T19:47:41.587+0700][gc,phases   ] GC(9)   Merge Heap Roots: 0.1ms
[2024-11-29T19:47:41.587+0700][gc,phases   ] GC(9)   Evacuate Collection Set: 8.4ms
[2024-11-29T19:47:41.587+0700][gc,phases   ] GC(9)   Post Evacuate Collection Set: 0.5ms
[2024-11-29T19:47:41.587+0700][gc,phases   ] GC(9)   Other: 1.1ms
[2024-11-29T19:47:41.587+0700][gc,heap     ] GC(9) Eden regions: 46->0(44)
[2024-11-29T19:47:41.587+0700][gc,heap     ] GC(9) Survivor regions: 5->7(7)
[2024-11-29T19:47:41.587+0700][gc,heap     ] GC(9) Old regions: 18->20
[2024-11-29T19:47:41.587+0700][gc,heap     ] GC(9) Archive regions: 2->2
[2024-11-29T19:47:41.587+0700][gc,heap     ] GC(9) Humongous regions: 129->129
[2024-11-29T19:47:41.587+0700][gc,metaspace] GC(9) Metaspace: 43452K(44032K)->43452K(44032K) NonClass: 38227K(38592K)->38227K(38592K) Class: 5224K(5440K)->5224K(5440K)
[2024-11-29T19:47:41.587+0700][gc          ] GC(9) Pause Young (Normal) (G1 Evacuation Pause) 198M->156M(1024M) 10.635ms
[2024-11-29T19:47:41.587+0700][gc,cpu      ] GC(9) User=0.06s Sys=0.00s Real=0.01s
[2024-11-29T19:58:59.617+0700][gc,start    ] GC(10) Pause Young (Normal) (G1 Evacuation Pause)
[2024-11-29T19:58:59.617+0700][gc,task     ] GC(10) Using 8 workers of 8 for evacuation
[2024-11-29T19:58:59.628+0700][gc,phases   ] GC(10)   Pre Evacuate Collection Set: 0.2ms
[2024-11-29T19:58:59.628+0700][gc,phases   ] GC(10)   Merge Heap Roots: 0.1ms
[2024-11-29T19:58:59.628+0700][gc,phases   ] GC(10)   Evacuate Collection Set: 10.4ms
[2024-11-29T19:58:59.628+0700][gc,phases   ] GC(10)   Post Evacuate Collection Set: 0.4ms
[2024-11-29T19:58:59.628+0700][gc,phases   ] GC(10)   Other: 0.2ms
[2024-11-29T19:58:59.628+0700][gc,heap     ] GC(10) Eden regions: 44->0(54)
[2024-11-29T19:58:59.628+0700][gc,heap     ] GC(10) Survivor regions: 7->4(7)
[2024-11-29T19:58:59.628+0700][gc,heap     ] GC(10) Old regions: 20->26
[2024-11-29T19:58:59.628+0700][gc,heap     ] GC(10) Archive regions: 2->2
[2024-11-29T19:58:59.628+0700][gc,heap     ] GC(10) Humongous regions: 129->129
[2024-11-29T19:58:59.628+0700][gc,metaspace] GC(10) Metaspace: 43497K(44032K)->43497K(44032K) NonClass: 38272K(38592K)->38272K(38592K) Class: 5225K(5440K)->5225K(5440K)
[2024-11-29T19:58:59.629+0700][gc          ] GC(10) Pause Young (Normal) (G1 Evacuation Pause) 200M->159M(1024M) 11.582ms
[2024-11-29T19:58:59.629+0700][gc,cpu      ] GC(10) User=0.04s Sys=0.00s Real=0.01s
[2024-11-29T20:15:46.523+0700][gc,start    ] GC(11) Pause Young (Normal) (G1 Evacuation Pause)
[2024-11-29T20:15:46.524+0700][gc,task     ] GC(11) Using 8 workers of 8 for evacuation
[2024-11-29T20:15:46.541+0700][gc,phases   ] GC(11)   Pre Evacuate Collection Set: 0.5ms
[2024-11-29T20:15:46.541+0700][gc,phases   ] GC(11)   Merge Heap Roots: 0.2ms
[2024-11-29T20:15:46.541+0700][gc,phases   ] GC(11)   Evacuate Collection Set: 16.1ms
[2024-11-29T20:15:46.541+0700][gc,phases   ] GC(11)   Post Evacuate Collection Set: 0.5ms
[2024-11-29T20:15:46.541+0700][gc,phases   ] GC(11)   Other: 1.4ms
[2024-11-29T20:15:46.541+0700][gc,heap     ] GC(11) Eden regions: 52->0(44)
[2024-11-29T20:15:46.541+0700][gc,heap     ] GC(11) Survivor regions: 4->7(7)
[2024-11-29T20:15:46.541+0700][gc,heap     ] GC(11) Old regions: 26->26
[2024-11-29T20:15:46.541+0700][gc,heap     ] GC(11) Archive regions: 2->2
[2024-11-29T20:15:46.541+0700][gc,heap     ] GC(11) Humongous regions: 129->129
[2024-11-29T20:15:46.541+0700][gc,metaspace] GC(11) Metaspace: 43593K(44096K)->43593K(44096K) NonClass: 38368K(38656K)->38368K(38656K) Class: 5225K(5440K)->5225K(5440K)
[2024-11-29T20:15:46.541+0700][gc          ] GC(11) Pause Young (Normal) (G1 Evacuation Pause) 211M->162M(1024M) 18.923ms
[2024-11-29T20:15:46.542+0700][gc,cpu      ] GC(11) User=0.07s Sys=0.03s Real=0.02s
[2024-11-29T20:28:58.152+0700][gc,start    ] GC(12) Pause Young (Normal) (G1 Evacuation Pause)
[2024-11-29T20:28:58.153+0700][gc,task     ] GC(12) Using 8 workers of 8 for evacuation
[2024-11-29T20:28:58.181+0700][gc,mmu      ] GC(12) MMU target violated: 21.0ms (20.0ms/21.0ms)
[2024-11-29T20:28:58.181+0700][gc,phases   ] GC(12)   Pre Evacuate Collection Set: 0.4ms
[2024-11-29T20:28:58.181+0700][gc,phases   ] GC(12)   Merge Heap Roots: 0.4ms
[2024-11-29T20:28:58.181+0700][gc,phases   ] GC(12)   Evacuate Collection Set: 25.8ms
[2024-11-29T20:28:58.181+0700][gc,phases   ] GC(12)   Post Evacuate Collection Set: 0.5ms
[2024-11-29T20:28:58.181+0700][gc,phases   ] GC(12)   Other: 1.9ms
[2024-11-29T20:28:58.181+0700][gc,heap     ] GC(12) Eden regions: 44->0(46)
[2024-11-29T20:28:58.181+0700][gc,heap     ] GC(12) Survivor regions: 7->5(7)
[2024-11-29T20:28:58.181+0700][gc,heap     ] GC(12) Old regions: 26->32
[2024-11-29T20:28:58.181+0700][gc,heap     ] GC(12) Archive regions: 2->2
[2024-11-29T20:28:58.181+0700][gc,heap     ] GC(12) Humongous regions: 129->129
[2024-11-29T20:28:58.181+0700][gc,metaspace] GC(12) Metaspace: 43656K(44160K)->43656K(44160K) NonClass: 38427K(38720K)->38427K(38720K) Class: 5228K(5440K)->5228K(5440K)
[2024-11-29T20:28:58.181+0700][gc          ] GC(12) Pause Young (Normal) (G1 Evacuation Pause) 206M->166M(1024M) 29.152ms
[2024-11-29T20:28:58.181+0700][gc,cpu      ] GC(12) User=0.09s Sys=0.07s Real=0.03s
[2024-11-29T20:43:35.107+0700][gc,start    ] GC(13) Pause Young (Normal) (G1 Evacuation Pause)
[2024-11-29T20:43:35.108+0700][gc,task     ] GC(13) Using 8 workers of 8 for evacuation
[2024-11-29T20:43:35.128+0700][gc,phases   ] GC(13)   Pre Evacuate Collection Set: 0.4ms
[2024-11-29T20:43:35.129+0700][gc,phases   ] GC(13)   Merge Heap Roots: 0.3ms
[2024-11-29T20:43:35.129+0700][gc,phases   ] GC(13)   Evacuate Collection Set: 18.5ms
[2024-11-29T20:43:35.129+0700][gc,phases   ] GC(13)   Post Evacuate Collection Set: 0.5ms
[2024-11-29T20:43:35.129+0700][gc,phases   ] GC(13)   Other: 1.5ms
[2024-11-29T20:43:35.129+0700][gc,heap     ] GC(13) Eden regions: 46->0(65)
[2024-11-29T20:43:35.129+0700][gc,heap     ] GC(13) Survivor regions: 5->3(7)
[2024-11-29T20:43:35.129+0700][gc,heap     ] GC(13) Old regions: 32->35
[2024-11-29T20:43:35.129+0700][gc,heap     ] GC(13) Archive regions: 2->2
[2024-11-29T20:43:35.129+0700][gc,heap     ] GC(13) Humongous regions: 129->129
[2024-11-29T20:43:35.129+0700][gc,metaspace] GC(13) Metaspace: 43675K(44224K)->43675K(44224K) NonClass: 38446K(38784K)->38446K(38784K) Class: 5228K(5440K)->5228K(5440K)
[2024-11-29T20:43:35.129+0700][gc          ] GC(13) Pause Young (Normal) (G1 Evacuation Pause) 212M->166M(1024M) 21.470ms
[2024-11-29T20:43:35.129+0700][gc,cpu      ] GC(13) User=0.05s Sys=0.05s Real=0.02s
[2024-11-29T21:20:29.967+0700][gc,start    ] GC(14) Pause Young (Normal) (G1 Evacuation Pause)
[2024-11-29T21:20:29.968+0700][gc,task     ] GC(14) Using 8 workers of 8 for evacuation
[2024-11-29T21:20:29.977+0700][gc,phases   ] GC(14)   Pre Evacuate Collection Set: 1.2ms
[2024-11-29T21:20:29.977+0700][gc,phases   ] GC(14)   Merge Heap Roots: 0.2ms
[2024-11-29T21:20:29.977+0700][gc,phases   ] GC(14)   Evacuate Collection Set: 6.4ms
[2024-11-29T21:20:29.977+0700][gc,phases   ] GC(14)   Post Evacuate Collection Set: 0.7ms
[2024-11-29T21:20:29.977+0700][gc,phases   ] GC(14)   Other: 0.9ms
[2024-11-29T21:20:29.977+0700][gc,heap     ] GC(14) Eden regions: 65->0(104)
[2024-11-29T21:20:29.977+0700][gc,heap     ] GC(14) Survivor regions: 3->3(9)
[2024-11-29T21:20:29.977+0700][gc,heap     ] GC(14) Old regions: 35->35
[2024-11-29T21:20:29.977+0700][gc,heap     ] GC(14) Archive regions: 2->2
[2024-11-29T21:20:29.977+0700][gc,heap     ] GC(14) Humongous regions: 129->129
[2024-11-29T21:20:29.977+0700][gc,metaspace] GC(14) Metaspace: 43696K(44288K)->43696K(44288K) NonClass: 38467K(38848K)->38467K(38848K) Class: 5228K(5440K)->5228K(5440K)
[2024-11-29T21:20:29.977+0700][gc          ] GC(14) Pause Young (Normal) (G1 Evacuation Pause) 231M->166M(1024M) 9.504ms
[2024-11-29T21:20:29.977+0700][gc,cpu      ] GC(14) User=0.02s Sys=0.02s Real=0.01s
[2024-11-29T21:30:36.507+0700][gc,heap,exit] Heap
[2024-11-29T21:30:36.508+0700][gc,heap,exit]  garbage-first heap   total 1048576K, used 227910K [0x00000007c0000000, 0x0000000800000000)
[2024-11-29T21:30:36.508+0700][gc,heap,exit]   region size 1024K, 59 young (60416K), 3 survivors (3072K)
[2024-11-29T21:30:36.508+0700][gc,heap,exit]  Metaspace       used 45005K, committed 45568K, reserved 1114112K
[2024-11-29T21:30:36.508+0700][gc,heap,exit]   class space    used 5416K, committed 5632K, reserved 1048576K
