[2024-12-01T19:42:31.143+0700][gc] Using G1
[2024-12-01T19:42:31.149+0700][gc,init] Version: 17.0.12+0 (release)
[2024-12-01T19:42:31.149+0700][gc,init] CPUs: 8 total, 8 available
[2024-12-01T19:42:31.149+0700][gc,init] Memory: 16384M
[2024-12-01T19:42:31.149+0700][gc,init] Large Page Support: Disabled
[2024-12-01T19:42:31.149+0700][gc,init] NUMA Support: Disabled
[2024-12-01T19:42:31.149+0700][gc,init] Compressed Oops: Enabled (Zero based)
[2024-12-01T19:42:31.149+0700][gc,init] Heap Region Size: 1M
[2024-12-01T19:42:31.149+0700][gc,init] Heap Min Capacity: 1G
[2024-12-01T19:42:31.149+0700][gc,init] Heap Initial Capacity: 1G
[2024-12-01T19:42:31.149+0700][gc,init] Heap Max Capacity: 1G
[2024-12-01T19:42:31.149+0700][gc,init] Pre-touch: Disabled
[2024-12-01T19:42:31.149+0700][gc,init] Parallel Workers: 8
[2024-12-01T19:42:31.149+0700][gc,init] Concurrent Workers: 2
[2024-12-01T19:42:31.149+0700][gc,init] Concurrent Refinement Workers: 8
[2024-12-01T19:42:31.149+0700][gc,init] Periodic GC: Disabled
[2024-12-01T19:42:31.245+0700][gc,metaspace] CDS archive(s) mapped at: [0x0000000128000000-0x0000000128bbc000-0x0000000128bbc000), size 12304384, SharedBaseAddress: 0x0000000128000000, ArchiveRelocationMode: 1.
[2024-12-01T19:42:31.245+0700][gc,metaspace] Compressed class space mapped at: 0x0000000129000000-0x0000000169000000, reserved size: 1073741824
[2024-12-01T19:42:31.245+0700][gc,metaspace] Narrow klass base: 0x0000000128000000, Narrow klass shift: 0, Narrow klass range: 0x100000000
[2024-12-01T19:42:33.071+0700][gc,start    ] GC(0) Pause Young (Normal) (G1 Evacuation Pause)
[2024-12-01T19:42:33.071+0700][gc,task     ] GC(0) Using 8 workers of 8 for evacuation
[2024-12-01T19:42:33.076+0700][gc,phases   ] GC(0)   Pre Evacuate Collection Set: 0.1ms
[2024-12-01T19:42:33.076+0700][gc,phases   ] GC(0)   Merge Heap Roots: 0.1ms
[2024-12-01T19:42:33.076+0700][gc,phases   ] GC(0)   Evacuate Collection Set: 3.5ms
[2024-12-01T19:42:33.076+0700][gc,phases   ] GC(0)   Post Evacuate Collection Set: 0.8ms
[2024-12-01T19:42:33.076+0700][gc,phases   ] GC(0)   Other: 0.5ms
[2024-12-01T19:42:33.076+0700][gc,heap     ] GC(0) Eden regions: 51->0(44)
[2024-12-01T19:42:33.076+0700][gc,heap     ] GC(0) Survivor regions: 0->7(7)
[2024-12-01T19:42:33.076+0700][gc,heap     ] GC(0) Old regions: 0->2
[2024-12-01T19:42:33.076+0700][gc,heap     ] GC(0) Archive regions: 2->2
[2024-12-01T19:42:33.076+0700][gc,heap     ] GC(0) Humongous regions: 0->0
[2024-12-01T19:42:33.076+0700][gc,metaspace] GC(0) Metaspace: 17477K(17664K)->17477K(17664K) NonClass: 15350K(15424K)->15350K(15424K) Class: 2127K(2240K)->2127K(2240K)
[2024-12-01T19:42:33.076+0700][gc          ] GC(0) Pause Young (Normal) (G1 Evacuation Pause) 51M->9M(1024M) 5.124ms
[2024-12-01T19:42:33.076+0700][gc,cpu      ] GC(0) User=0.02s Sys=0.01s Real=0.00s
[2024-12-01T19:42:33.550+0700][gc,start    ] GC(1) Pause Young (Concurrent Start) (Metadata GC Threshold)
[2024-12-01T19:42:33.550+0700][gc,task     ] GC(1) Using 8 workers of 8 for evacuation
[2024-12-01T19:42:33.555+0700][gc,phases   ] GC(1)   Pre Evacuate Collection Set: 0.1ms
[2024-12-01T19:42:33.555+0700][gc,phases   ] GC(1)   Merge Heap Roots: 0.1ms
[2024-12-01T19:42:33.555+0700][gc,phases   ] GC(1)   Evacuate Collection Set: 3.8ms
[2024-12-01T19:42:33.555+0700][gc,phases   ] GC(1)   Post Evacuate Collection Set: 0.5ms
[2024-12-01T19:42:33.555+0700][gc,phases   ] GC(1)   Other: 0.3ms
[2024-12-01T19:42:33.555+0700][gc,heap     ] GC(1) Eden regions: 17->0(49)
[2024-12-01T19:42:33.555+0700][gc,heap     ] GC(1) Survivor regions: 7->2(7)
[2024-12-01T19:42:33.555+0700][gc,heap     ] GC(1) Old regions: 2->9
[2024-12-01T19:42:33.555+0700][gc,heap     ] GC(1) Archive regions: 2->2
[2024-12-01T19:42:33.555+0700][gc,heap     ] GC(1) Humongous regions: 129->129
[2024-12-01T19:42:33.555+0700][gc,metaspace] GC(1) Metaspace: 21351K(21504K)->21351K(21504K) NonClass: 18739K(18816K)->18739K(18816K) Class: 2611K(2688K)->2611K(2688K)
[2024-12-01T19:42:33.555+0700][gc          ] GC(1) Pause Young (Concurrent Start) (Metadata GC Threshold) 154M->140M(1024M) 4.942ms
[2024-12-01T19:42:33.555+0700][gc,cpu      ] GC(1) User=0.02s Sys=0.01s Real=0.00s
[2024-12-01T19:42:33.555+0700][gc          ] GC(2) Concurrent Mark Cycle
[2024-12-01T19:42:33.555+0700][gc,marking  ] GC(2) Concurrent Clear Claimed Marks
[2024-12-01T19:42:33.555+0700][gc,marking  ] GC(2) Concurrent Clear Claimed Marks 0.015ms
[2024-12-01T19:42:33.555+0700][gc,marking  ] GC(2) Concurrent Scan Root Regions
[2024-12-01T19:42:33.557+0700][gc,marking  ] GC(2) Concurrent Scan Root Regions 2.098ms
[2024-12-01T19:42:33.557+0700][gc,marking  ] GC(2) Concurrent Mark
[2024-12-01T19:42:33.557+0700][gc,marking  ] GC(2) Concurrent Mark From Roots
[2024-12-01T19:42:33.557+0700][gc,task     ] GC(2) Using 2 workers of 2 for marking
[2024-12-01T19:42:33.559+0700][gc,marking  ] GC(2) Concurrent Mark From Roots 1.755ms
[2024-12-01T19:42:33.559+0700][gc,marking  ] GC(2) Concurrent Preclean
[2024-12-01T19:42:33.559+0700][gc,marking  ] GC(2) Concurrent Preclean 0.029ms
[2024-12-01T19:42:33.559+0700][gc,start    ] GC(2) Pause Remark
[2024-12-01T19:42:33.561+0700][gc          ] GC(2) Pause Remark 140M->140M(1024M) 1.722ms
[2024-12-01T19:42:33.561+0700][gc,cpu      ] GC(2) User=0.01s Sys=0.00s Real=0.01s
[2024-12-01T19:42:33.561+0700][gc,marking  ] GC(2) Concurrent Mark 3.919ms
[2024-12-01T19:42:33.561+0700][gc,marking  ] GC(2) Concurrent Rebuild Remembered Sets
[2024-12-01T19:42:33.563+0700][gc,marking  ] GC(2) Concurrent Rebuild Remembered Sets 2.197ms
[2024-12-01T19:42:33.563+0700][gc,start    ] GC(2) Pause Cleanup
[2024-12-01T19:42:33.563+0700][gc          ] GC(2) Pause Cleanup 140M->140M(1024M) 0.126ms
[2024-12-01T19:42:33.563+0700][gc,cpu      ] GC(2) User=0.00s Sys=0.00s Real=0.00s
[2024-12-01T19:42:33.563+0700][gc,marking  ] GC(2) Concurrent Cleanup for Next Mark
[2024-12-01T19:42:33.569+0700][gc,marking  ] GC(2) Concurrent Cleanup for Next Mark 5.323ms
[2024-12-01T19:42:33.587+0700][gc          ] GC(2) Concurrent Mark Cycle 32.342ms
[2024-12-01T19:42:34.322+0700][gc,start    ] GC(3) Pause Young (Normal) (G1 Evacuation Pause)
[2024-12-01T19:42:34.322+0700][gc,task     ] GC(3) Using 8 workers of 8 for evacuation
[2024-12-01T19:42:34.326+0700][gc,phases   ] GC(3)   Pre Evacuate Collection Set: 0.1ms
[2024-12-01T19:42:34.326+0700][gc,phases   ] GC(3)   Merge Heap Roots: 0.1ms
[2024-12-01T19:42:34.326+0700][gc,phases   ] GC(3)   Evacuate Collection Set: 3.0ms
[2024-12-01T19:42:34.326+0700][gc,phases   ] GC(3)   Post Evacuate Collection Set: 0.5ms
[2024-12-01T19:42:34.326+0700][gc,phases   ] GC(3)   Other: 0.1ms
[2024-12-01T19:42:34.326+0700][gc,heap     ] GC(3) Eden regions: 49->0(44)
[2024-12-01T19:42:34.326+0700][gc,heap     ] GC(3) Survivor regions: 2->7(7)
[2024-12-01T19:42:34.326+0700][gc,heap     ] GC(3) Old regions: 9->9
[2024-12-01T19:42:34.326+0700][gc,heap     ] GC(3) Archive regions: 2->2
[2024-12-01T19:42:34.326+0700][gc,heap     ] GC(3) Humongous regions: 129->129
[2024-12-01T19:42:34.326+0700][gc,metaspace] GC(3) Metaspace: 32898K(33152K)->32898K(33152K) NonClass: 29274K(29440K)->29274K(29440K) Class: 3623K(3712K)->3623K(3712K)
[2024-12-01T19:42:34.326+0700][gc          ] GC(3) Pause Young (Normal) (G1 Evacuation Pause) 189M->144M(1024M) 4.023ms
[2024-12-01T19:42:34.326+0700][gc,cpu      ] GC(3) User=0.02s Sys=0.01s Real=0.00s
[2024-12-01T19:42:34.464+0700][gc,start    ] GC(4) Pause Young (Concurrent Start) (Metadata GC Threshold)
[2024-12-01T19:42:34.464+0700][gc,task     ] GC(4) Using 8 workers of 8 for evacuation
[2024-12-01T19:42:34.469+0700][gc,phases   ] GC(4)   Pre Evacuate Collection Set: 0.1ms
[2024-12-01T19:42:34.469+0700][gc,phases   ] GC(4)   Merge Heap Roots: 0.1ms
[2024-12-01T19:42:34.469+0700][gc,phases   ] GC(4)   Evacuate Collection Set: 4.2ms
[2024-12-01T19:42:34.469+0700][gc,phases   ] GC(4)   Post Evacuate Collection Set: 0.5ms
[2024-12-01T19:42:34.469+0700][gc,phases   ] GC(4)   Other: 0.2ms
[2024-12-01T19:42:34.469+0700][gc,heap     ] GC(4) Eden regions: 13->0(49)
[2024-12-01T19:42:34.469+0700][gc,heap     ] GC(4) Survivor regions: 7->2(7)
[2024-12-01T19:42:34.469+0700][gc,heap     ] GC(4) Old regions: 9->15
[2024-12-01T19:42:34.469+0700][gc,heap     ] GC(4) Archive regions: 2->2
[2024-12-01T19:42:34.469+0700][gc,heap     ] GC(4) Humongous regions: 129->129
[2024-12-01T19:42:34.469+0700][gc,metaspace] GC(4) Metaspace: 35749K(35968K)->35749K(35968K) NonClass: 31712K(31808K)->31712K(31808K) Class: 4037K(4160K)->4037K(4160K)
[2024-12-01T19:42:34.469+0700][gc          ] GC(4) Pause Young (Concurrent Start) (Metadata GC Threshold) 156M->145M(1024M) 5.201ms
[2024-12-01T19:42:34.469+0700][gc,cpu      ] GC(4) User=0.02s Sys=0.00s Real=0.00s
[2024-12-01T19:42:34.469+0700][gc          ] GC(5) Concurrent Mark Cycle
[2024-12-01T19:42:34.469+0700][gc,marking  ] GC(5) Concurrent Clear Claimed Marks
[2024-12-01T19:42:34.469+0700][gc,marking  ] GC(5) Concurrent Clear Claimed Marks 0.018ms
[2024-12-01T19:42:34.469+0700][gc,marking  ] GC(5) Concurrent Scan Root Regions
[2024-12-01T19:42:34.473+0700][gc,marking  ] GC(5) Concurrent Scan Root Regions 3.038ms
[2024-12-01T19:42:34.473+0700][gc,marking  ] GC(5) Concurrent Mark
[2024-12-01T19:42:34.473+0700][gc,marking  ] GC(5) Concurrent Mark From Roots
[2024-12-01T19:42:34.473+0700][gc,task     ] GC(5) Using 2 workers of 2 for marking
[2024-12-01T19:42:34.477+0700][gc,marking  ] GC(5) Concurrent Mark From Roots 4.259ms
[2024-12-01T19:42:34.477+0700][gc,marking  ] GC(5) Concurrent Preclean
[2024-12-01T19:42:34.477+0700][gc,marking  ] GC(5) Concurrent Preclean 0.082ms
[2024-12-01T19:42:34.477+0700][gc,start    ] GC(5) Pause Remark
[2024-12-01T19:42:34.478+0700][gc          ] GC(5) Pause Remark 146M->146M(1024M) 1.345ms
[2024-12-01T19:42:34.478+0700][gc,cpu      ] GC(5) User=0.00s Sys=0.00s Real=0.00s
[2024-12-01T19:42:34.479+0700][gc,marking  ] GC(5) Concurrent Mark 6.015ms
[2024-12-01T19:42:34.479+0700][gc,marking  ] GC(5) Concurrent Rebuild Remembered Sets
[2024-12-01T19:42:34.485+0700][gc,marking  ] GC(5) Concurrent Rebuild Remembered Sets 5.916ms
[2024-12-01T19:42:34.485+0700][gc,start    ] GC(5) Pause Cleanup
[2024-12-01T19:42:34.485+0700][gc          ] GC(5) Pause Cleanup 146M->146M(1024M) 0.108ms
[2024-12-01T19:42:34.485+0700][gc,cpu      ] GC(5) User=0.00s Sys=0.00s Real=0.00s
[2024-12-01T19:42:34.485+0700][gc,marking  ] GC(5) Concurrent Cleanup for Next Mark
[2024-12-01T19:42:34.490+0700][gc,marking  ] GC(5) Concurrent Cleanup for Next Mark 4.844ms
[2024-12-01T19:42:34.490+0700][gc          ] GC(5) Concurrent Mark Cycle 20.407ms
[2024-12-01T19:46:25.600+0700][gc,start    ] GC(6) Pause Young (Prepare Mixed) (G1 Evacuation Pause)
[2024-12-01T19:46:25.602+0700][gc,task     ] GC(6) Using 8 workers of 8 for evacuation
[2024-12-01T19:46:25.611+0700][gc,phases   ] GC(6)   Pre Evacuate Collection Set: 0.4ms
[2024-12-01T19:46:25.611+0700][gc,phases   ] GC(6)   Merge Heap Roots: 0.3ms
[2024-12-01T19:46:25.612+0700][gc,phases   ] GC(6)   Evacuate Collection Set: 7.0ms
[2024-12-01T19:46:25.612+0700][gc,phases   ] GC(6)   Post Evacuate Collection Set: 1.5ms
[2024-12-01T19:46:25.612+0700][gc,phases   ] GC(6)   Other: 2.0ms
[2024-12-01T19:46:25.612+0700][gc,heap     ] GC(6) Eden regions: 49->0(46)
[2024-12-01T19:46:25.612+0700][gc,heap     ] GC(6) Survivor regions: 2->5(7)
[2024-12-01T19:46:25.612+0700][gc,heap     ] GC(6) Old regions: 15->15
[2024-12-01T19:46:25.612+0700][gc,heap     ] GC(6) Archive regions: 2->2
[2024-12-01T19:46:25.612+0700][gc,heap     ] GC(6) Humongous regions: 129->129
[2024-12-01T19:46:25.612+0700][gc,metaspace] GC(6) Metaspace: 42024K(42560K)->42024K(42560K) NonClass: 36963K(37248K)->36963K(37248K) Class: 5060K(5312K)->5060K(5312K)
[2024-12-01T19:46:25.612+0700][gc          ] GC(6) Pause Young (Prepare Mixed) (G1 Evacuation Pause) 194M->148M(1024M) 11.455ms
[2024-12-01T19:46:25.612+0700][gc,cpu      ] GC(6) User=0.06s Sys=0.01s Real=0.01s
[2024-12-01T19:53:12.363+0700][gc,start    ] GC(7) Pause Young (Mixed) (G1 Evacuation Pause)
[2024-12-01T19:53:12.363+0700][gc,task     ] GC(7) Using 8 workers of 8 for evacuation
[2024-12-01T19:53:12.369+0700][gc,phases   ] GC(7)   Pre Evacuate Collection Set: 0.1ms
[2024-12-01T19:53:12.369+0700][gc,phases   ] GC(7)   Merge Heap Roots: 0.1ms
[2024-12-01T19:53:12.369+0700][gc,phases   ] GC(7)   Evacuate Collection Set: 4.7ms
[2024-12-01T19:53:12.369+0700][gc,phases   ] GC(7)   Post Evacuate Collection Set: 0.9ms
[2024-12-01T19:53:12.370+0700][gc,phases   ] GC(7)   Other: 1.1ms
[2024-12-01T19:53:12.370+0700][gc,heap     ] GC(7) Eden regions: 46->0(46)
[2024-12-01T19:53:12.370+0700][gc,heap     ] GC(7) Survivor regions: 5->5(7)
[2024-12-01T19:53:12.370+0700][gc,heap     ] GC(7) Old regions: 15->15
[2024-12-01T19:53:12.370+0700][gc,heap     ] GC(7) Archive regions: 2->2
[2024-12-01T19:53:12.370+0700][gc,heap     ] GC(7) Humongous regions: 129->129
[2024-12-01T19:53:12.370+0700][gc,metaspace] GC(7) Metaspace: 43639K(44224K)->43639K(44224K) NonClass: 38451K(38784K)->38451K(38784K) Class: 5188K(5440K)->5188K(5440K)
[2024-12-01T19:53:12.370+0700][gc          ] GC(7) Pause Young (Mixed) (G1 Evacuation Pause) 194M->149M(1024M) 7.151ms
[2024-12-01T19:53:12.370+0700][gc,cpu      ] GC(7) User=0.03s Sys=0.00s Real=0.01s
[2024-12-01T19:53:33.244+0700][gc,start    ] GC(8) Pause Young (Normal) (G1 Evacuation Pause)
[2024-12-01T19:53:33.244+0700][gc,task     ] GC(8) Using 8 workers of 8 for evacuation
[2024-12-01T19:53:33.249+0700][gc,phases   ] GC(8)   Pre Evacuate Collection Set: 0.1ms
[2024-12-01T19:53:33.249+0700][gc,phases   ] GC(8)   Merge Heap Roots: 0.1ms
[2024-12-01T19:53:33.249+0700][gc,phases   ] GC(8)   Evacuate Collection Set: 3.9ms
[2024-12-01T19:53:33.249+0700][gc,phases   ] GC(8)   Post Evacuate Collection Set: 0.4ms
[2024-12-01T19:53:33.249+0700][gc,phases   ] GC(8)   Other: 0.2ms
[2024-12-01T19:53:33.249+0700][gc,heap     ] GC(8) Eden regions: 46->0(48)
[2024-12-01T19:53:33.249+0700][gc,heap     ] GC(8) Survivor regions: 5->3(7)
[2024-12-01T19:53:33.249+0700][gc,heap     ] GC(8) Old regions: 15->18
[2024-12-01T19:53:33.249+0700][gc,heap     ] GC(8) Archive regions: 2->2
[2024-12-01T19:53:33.249+0700][gc,heap     ] GC(8) Humongous regions: 129->129
[2024-12-01T19:53:33.249+0700][gc,metaspace] GC(8) Metaspace: 43831K(44416K)->43831K(44416K) NonClass: 38641K(38976K)->38641K(38976K) Class: 5190K(5440K)->5190K(5440K)
[2024-12-01T19:53:33.249+0700][gc          ] GC(8) Pause Young (Normal) (G1 Evacuation Pause) 195M->150M(1024M) 4.919ms
[2024-12-01T19:53:33.249+0700][gc,cpu      ] GC(8) User=0.02s Sys=0.01s Real=0.00s
[2024-12-01T19:53:57.769+0700][gc,start    ] GC(9) Pause Young (Normal) (G1 Evacuation Pause)
[2024-12-01T19:53:57.769+0700][gc,task     ] GC(9) Using 8 workers of 8 for evacuation
[2024-12-01T19:53:57.776+0700][gc,phases   ] GC(9)   Pre Evacuate Collection Set: 0.2ms
[2024-12-01T19:53:57.776+0700][gc,phases   ] GC(9)   Merge Heap Roots: 0.3ms
[2024-12-01T19:53:57.776+0700][gc,phases   ] GC(9)   Evacuate Collection Set: 6.1ms
[2024-12-01T19:53:57.776+0700][gc,phases   ] GC(9)   Post Evacuate Collection Set: 0.7ms
[2024-12-01T19:53:57.777+0700][gc,phases   ] GC(9)   Other: 0.4ms
[2024-12-01T19:53:57.777+0700][gc,heap     ] GC(9) Eden regions: 48->0(60)
[2024-12-01T19:53:57.777+0700][gc,heap     ] GC(9) Survivor regions: 3->4(7)
[2024-12-01T19:53:57.777+0700][gc,heap     ] GC(9) Old regions: 18->18
[2024-12-01T19:53:57.777+0700][gc,heap     ] GC(9) Archive regions: 2->2
[2024-12-01T19:53:57.777+0700][gc,heap     ] GC(9) Humongous regions: 129->129
[2024-12-01T19:53:57.777+0700][gc,metaspace] GC(9) Metaspace: 43971K(44544K)->43971K(44544K) NonClass: 38778K(39104K)->38778K(39104K) Class: 5192K(5440K)->5192K(5440K)
[2024-12-01T19:53:57.777+0700][gc          ] GC(9) Pause Young (Normal) (G1 Evacuation Pause) 198M->150M(1024M) 8.032ms
[2024-12-01T19:53:57.777+0700][gc,cpu      ] GC(9) User=0.04s Sys=0.01s Real=0.01s
[2024-12-01T19:58:03.419+0700][gc,start    ] GC(10) Pause Young (Normal) (G1 Evacuation Pause)
[2024-12-01T19:58:03.420+0700][gc,task     ] GC(10) Using 8 workers of 8 for evacuation
[2024-12-01T19:58:03.424+0700][gc,phases   ] GC(10)   Pre Evacuate Collection Set: 0.2ms
[2024-12-01T19:58:03.424+0700][gc,phases   ] GC(10)   Merge Heap Roots: 0.1ms
[2024-12-01T19:58:03.424+0700][gc,phases   ] GC(10)   Evacuate Collection Set: 3.1ms
[2024-12-01T19:58:03.424+0700][gc,phases   ] GC(10)   Post Evacuate Collection Set: 0.5ms
[2024-12-01T19:58:03.424+0700][gc,phases   ] GC(10)   Other: 1.3ms
[2024-12-01T19:58:03.424+0700][gc,heap     ] GC(10) Eden regions: 60->0(126)
[2024-12-01T19:58:03.424+0700][gc,heap     ] GC(10) Survivor regions: 4->4(8)
[2024-12-01T19:58:03.424+0700][gc,heap     ] GC(10) Old regions: 18->18
[2024-12-01T19:58:03.424+0700][gc,heap     ] GC(10) Archive regions: 2->2
[2024-12-01T19:58:03.424+0700][gc,heap     ] GC(10) Humongous regions: 129->129
[2024-12-01T19:58:03.424+0700][gc,metaspace] GC(10) Metaspace: 44029K(44608K)->44029K(44608K) NonClass: 38834K(39168K)->38834K(39168K) Class: 5194K(5440K)->5194K(5440K)
[2024-12-01T19:58:03.424+0700][gc          ] GC(10) Pause Young (Normal) (G1 Evacuation Pause) 210M->151M(1024M) 5.423ms
[2024-12-01T19:58:03.424+0700][gc,cpu      ] GC(10) User=0.02s Sys=0.01s Real=0.01s
[2024-12-01T20:22:24.990+0700][gc,start    ] GC(11) Pause Young (Normal) (G1 Evacuation Pause)
[2024-12-01T20:22:24.990+0700][gc,task     ] GC(11) Using 8 workers of 8 for evacuation
[2024-12-01T20:22:24.995+0700][gc,phases   ] GC(11)   Pre Evacuate Collection Set: 0.1ms
[2024-12-01T20:22:24.995+0700][gc,phases   ] GC(11)   Merge Heap Roots: 0.1ms
[2024-12-01T20:22:24.995+0700][gc,phases   ] GC(11)   Evacuate Collection Set: 3.9ms
[2024-12-01T20:22:24.995+0700][gc,phases   ] GC(11)   Post Evacuate Collection Set: 0.6ms
[2024-12-01T20:22:24.995+0700][gc,phases   ] GC(11)   Other: 0.7ms
[2024-12-01T20:22:24.995+0700][gc,heap     ] GC(11) Eden regions: 126->0(187)
[2024-12-01T20:22:24.995+0700][gc,heap     ] GC(11) Survivor regions: 4->5(17)
[2024-12-01T20:22:24.995+0700][gc,heap     ] GC(11) Old regions: 18->18
[2024-12-01T20:22:24.995+0700][gc,heap     ] GC(11) Archive regions: 2->2
[2024-12-01T20:22:24.995+0700][gc,heap     ] GC(11) Humongous regions: 129->129
[2024-12-01T20:22:24.995+0700][gc,metaspace] GC(11) Metaspace: 44986K(45568K)->44986K(45568K) NonClass: 39615K(39936K)->39615K(39936K) Class: 5371K(5632K)->5371K(5632K)
[2024-12-01T20:22:24.995+0700][gc          ] GC(11) Pause Young (Normal) (G1 Evacuation Pause) 277M->152M(1024M) 5.690ms
[2024-12-01T20:22:24.995+0700][gc,cpu      ] GC(11) User=0.03s Sys=0.01s Real=0.00s
[2024-12-01T20:22:25.000+0700][gc,heap,exit] Heap
[2024-12-01T20:22:25.000+0700][gc,heap,exit]  garbage-first heap   total 1048576K, used 157040K [0x00000007c0000000, 0x0000000800000000)
[2024-12-01T20:22:25.001+0700][gc,heap,exit]   region size 1024K, 6 young (6144K), 5 survivors (5120K)
[2024-12-01T20:22:25.001+0700][gc,heap,exit]  Metaspace       used 45009K, committed 45568K, reserved 1114112K
[2024-12-01T20:22:25.001+0700][gc,heap,exit]   class space    used 5378K, committed 5632K, reserved 1048576K
